<div class="rendered-markdown">

<p>&lt;area&gt;</p><hr><br><input disabled="" type="checkbox"><p></p></div>